// Jest Snapshot v1, https://goo.gl/fbAQLP

exports[`cards page renders cards page unchange 1`] = `
<div>
  <main
    class="container"
  >
    <div
      class="mobileContainer"
    >
      <p>
        Please turn your screen on landscape to access the game.
      </p>
    </div>
    <div
      class="container"
    >
      <div
        class="subContainer"
      >
        <a
          class="menuItem"
          href="/game/rules"
        >
          <img
            alt=""
            class="menuImage"
            data-nimg="1"
            decoding="async"
            height="40"
            loading="lazy"
            src="/_next/image?url=%2Fimg.jpg&w=96&q=75"
            srcset="/_next/image?url=%2Fimg.jpg&w=48&q=75 1x, /_next/image?url=%2Fimg.jpg&w=96&q=75 2x"
            style="color: transparent;"
            width="40"
          />
          <div
            class="linkContainer"
          >
            <h1>
              menuTitles.rules
            </h1>
          </div>
        </a>
        <a
          class="menuItem"
          href="/game/map"
        >
          <img
            alt=""
            class="menuImage"
            data-nimg="1"
            decoding="async"
            height="40"
            loading="lazy"
            src="/_next/image?url=%2Fimg.jpg&w=96&q=75"
            srcset="/_next/image?url=%2Fimg.jpg&w=48&q=75 1x, /_next/image?url=%2Fimg.jpg&w=96&q=75 2x"
            style="color: transparent;"
            width="40"
          />
          <div
            class="linkContainer"
          >
            <h1>
              menuTitles.map
            </h1>
          </div>
        </a>
        <a
          class="menuItem"
          href="/game/cards"
        >
          <img
            alt=""
            class="menuImage"
            data-nimg="1"
            decoding="async"
            height="40"
            loading="lazy"
            src="/_next/image?url=%2Fimg.jpg&w=96&q=75"
            srcset="/_next/image?url=%2Fimg.jpg&w=48&q=75 1x, /_next/image?url=%2Fimg.jpg&w=96&q=75 2x"
            style="color: transparent;"
            width="40"
          />
          <div
            class="linkContainer"
          >
            <h1>
              menuTitles.cards
            </h1>
          </div>
        </a>
        <a
          class="menuItem"
          href="/game/owls"
        >
          <img
            alt=""
            class="menuImage"
            data-nimg="1"
            decoding="async"
            height="40"
            loading="lazy"
            src="/_next/image?url=%2Fimg.jpg&w=96&q=75"
            srcset="/_next/image?url=%2Fimg.jpg&w=48&q=75 1x, /_next/image?url=%2Fimg.jpg&w=96&q=75 2x"
            style="color: transparent;"
            width="40"
          />
          <div
            class="linkContainer"
          >
            <h1>
              menuTitles.owls
            </h1>
          </div>
        </a>
      </div>
    </div>
    <div
      class="subLayoutContainer"
    >
      <div
        class="buttonContainer"
      >
        <h1
          style="color: white;"
        >
          Lost
        </h1>
      </div>
      <div
        class="mainScreenContainer"
      >
        <div
          class="container"
        >
          <div
            class="popinContainer"
          >
            <button
              class="closeButton"
              type="button"
            >
              <img
                alt="Close Popup Button"
                data-nimg="1"
                decoding="async"
                height="30"
                loading="lazy"
                src="/_next/image?url=%2Fimg.jpg&w=64&q=75"
                srcset="/_next/image?url=%2Fimg.jpg&w=32&q=75 1x, /_next/image?url=%2Fimg.jpg&w=64&q=75 2x"
                style="color: transparent;"
                width="30"
              />
            </button>
            <video
              controls=""
            >
              <source
                src="/static/video/teaser_kering_serious_game_2023.mp4"
                type="video/mp4"
              />
            </video>
          </div>
        </div>
        <div
          class="container"
        >
          <div
            class="firstRegionsContainer"
          >
            <div
              class="firstRegions"
            >
              <div
                class="regionCards"
              >
                <div
                  class="container isNotActive"
                >
                  <button
                    type="button"
                  >
                    <div
                      class="videoContainer"
                    >
                      <video
                        height="auto"
                        width="96.03"
                      >
                        <source
                          src="/static/video/cards/the-future-of-personalization.mp4"
                          type="video/mp4"
                        />
                      </video>
                    </div>
                  </button>
                </div>
                <div
                  class="container isNotActive"
                >
                  <button
                    type="button"
                  >
                    <div
                      class="videoContainer"
                    >
                      <video
                        height="auto"
                        width="96.03"
                      >
                        <source
                          src="/static/video/cards/the-future-of-recommendation.mp4"
                          type="video/mp4"
                        />
                      </video>
                    </div>
                  </button>
                </div>
                <div
                  class="container isNotActive"
                >
                  <button
                    type="button"
                  >
                    <div
                      class="videoContainer"
                    >
                      <video
                        height="auto"
                        width="96.03"
                      >
                        <source
                          src="/static/video/cards/the-future-of-virtual-assistants.mp4"
                          type="video/mp4"
                        />
                      </video>
                    </div>
                  </button>
                </div>
              </div>
              <button
                class="regionName"
                style="color: rgb(255, 112, 78);"
                type="button"
              >
                CREATIVITY COAST
              </button>
            </div>
            <div
              class="firstRegions"
            >
              <div
                class="regionCards"
              >
                <div
                  class="container isNotActive"
                >
                  <button
                    type="button"
                  >
                    <div
                      class="videoContainer"
                    >
                      <video
                        height="auto"
                        width="96.03"
                      >
                        <source
                          src="/static/video/cards/the-future-of-brand-communities.mp4"
                          type="video/mp4"
                        />
                      </video>
                    </div>
                  </button>
                </div>
                <div
                  class="container isNotActive"
                >
                  <button
                    type="button"
                  >
                    <div
                      class="videoContainer"
                    >
                      <video
                        height="auto"
                        width="96.03"
                      >
                        <source
                          src="/static/video/cards/the-future-of-consumer-expression.mp4"
                          type="video/mp4"
                        />
                      </video>
                    </div>
                  </button>
                </div>
                <div
                  class="container isNotActive"
                >
                  <button
                    type="button"
                  >
                    <div
                      class="videoContainer"
                    >
                      <video
                        height="auto"
                        width="96.03"
                      >
                        <source
                          src="/static/video/cards/the-future-of-brand-loyalty-initiatives.mp4"
                          type="video/mp4"
                        />
                      </video>
                    </div>
                  </button>
                </div>
              </div>
              <button
                class="regionName"
                style="color: rgb(255, 63, 160);"
                type="button"
              >
                LOYALTY LAGOON
              </button>
            </div>
          </div>
          <div
            class="lastRegionsContainer"
          >
            <div
              class="lastRegions"
            >
              <div
                class="regionCards"
              >
                <div
                  class="container isNotActive"
                >
                  <button
                    type="button"
                  >
                    <div
                      class="videoContainer"
                    >
                      <video
                        height="auto"
                        width="96.03"
                      >
                        <source
                          src="/static/video/cards/the-future-of-digital-carbon-footprint.mp4"
                          type="video/mp4"
                        />
                      </video>
                    </div>
                  </button>
                </div>
                <div
                  class="container isNotActive"
                >
                  <button
                    type="button"
                  >
                    <div
                      class="videoContainer"
                    >
                      <video
                        height="auto"
                        width="96.03"
                      >
                        <source
                          src="/static/video/cards/the-future-of-digital-sustainability.mp4"
                          type="video/mp4"
                        />
                      </video>
                    </div>
                  </button>
                </div>
                <div
                  class="container isNotActive"
                >
                  <button
                    type="button"
                  >
                    <div
                      class="videoContainer"
                    >
                      <video
                        height="auto"
                        width="96.03"
                      >
                        <source
                          src="/static/video/cards/the-future-of-product-traceability.mp4"
                          type="video/mp4"
                        />
                      </video>
                    </div>
                  </button>
                </div>
              </div>
              <button
                class="regionName"
                style="color: rgb(0, 172, 255);"
                type="button"
              >
                SEA OF-SUSTAINABILITY
              </button>
            </div>
            <div
              class="lastRegions"
            >
              <div
                class="regionCards"
              >
                <div
                  class="container isNotActive"
                >
                  <button
                    type="button"
                  >
                    <div
                      class="videoContainer"
                    >
                      <video
                        height="auto"
                        width="96.03"
                      >
                        <source
                          src="/static/video/cards/the-future-of-brand-experience.mp4"
                          type="video/mp4"
                        />
                      </video>
                    </div>
                  </button>
                </div>
                <div
                  class="container isNotActive"
                >
                  <button
                    type="button"
                  >
                    <div
                      class="videoContainer"
                    >
                      <video
                        height="auto"
                        width="96.03"
                      >
                        <source
                          src="/static/video/cards/the-future-of-co-created-experiences.mp4"
                          type="video/mp4"
                        />
                      </video>
                    </div>
                  </button>
                </div>
                <div
                  class="container isNotActive"
                >
                  <button
                    type="button"
                  >
                    <div
                      class="videoContainer"
                    >
                      <video
                        height="auto"
                        width="96.03"
                      >
                        <source
                          src="/static/video/cards/the-future-of-shopping-experiences.mp4"
                          type="video/mp4"
                        />
                      </video>
                    </div>
                  </button>
                </div>
              </div>
              <button
                class="regionName"
                style="color: rgb(0, 177, 110);"
                type="button"
              >
                VIRTUAL VALLEYS
              </button>
            </div>
            <div
              class="lastRegions"
            >
              <div
                class="regionCards"
              >
                <div
                  class="container isNotActive"
                >
                  <button
                    type="button"
                  >
                    <div
                      class="videoContainer"
                    >
                      <video
                        height="auto"
                        width="96.03"
                      >
                        <source
                          src="/static/video/cards/the-future-of-fashion-design.mp4"
                          type="video/mp4"
                        />
                      </video>
                    </div>
                  </button>
                </div>
                <div
                  class="container isNotActive"
                >
                  <button
                    type="button"
                  >
                    <div
                      class="videoContainer"
                    >
                      <video
                        height="auto"
                        width="96.03"
                      >
                        <source
                          src="/static/video/cards/the-future-of-virtual-try-on.mp4"
                          type="video/mp4"
                        />
                      </video>
                    </div>
                  </button>
                </div>
                <div
                  class="container isNotActive"
                >
                  <button
                    type="button"
                  >
                    <div
                      class="videoContainer"
                    >
                      <video
                        height="auto"
                        width="96.03"
                      >
                        <source
                          src="/static/video/cards/the-future-of-virtual-merchandising.mp4"
                          type="video/mp4"
                        />
                      </video>
                    </div>
                  </button>
                </div>
              </div>
              <button
                class="regionName"
                style="color: rgb(147, 110, 241);"
                type="button"
              >
                PLAYFUL PLAINS
              </button>
            </div>
          </div>
          <p
            class="textBox"
          >
            You win a concept card after each completed experience.
            <br />
             Click on any illuminated card to read again the key learnings of the experience.
            <br />
             Once you have completed all the experiences of a region, you will be able to click on the
            <br />
            region’s name to access some additional resources - including articles, books, podcasts
            <br />
             and videos - to explore further the topic.
          </p>
        </div>
      </div>
    </div>
    <div
      class="container"
    >
      <div
        class="progressBarContainer"
      >
        <div
          class="progressBar"
        >
          <div
            class="progress"
            style="height: 0%;"
          />
        </div>
      </div>
      <h2
        class="percentage"
      >
        0
        %
      </h2>
    </div>
  </main>
</div>
`;
