// Jest Snapshot v1, https://goo.gl/fbAQLP

exports[`cards page renders cards page unchange 1`] = `
<div>
  <div
    class="container"
  >
    <div
      class="container"
    >
      <button
        type="button"
      >
        <img
          alt="Game Card 1"
          class="cardImg"
          data-nimg="1"
          decoding="async"
          height="40"
          loading="lazy"
          src="/_next/image?url=%2Fimg.jpg&w=96&q=75"
          srcset="/_next/image?url=%2Fimg.jpg&w=48&q=75 1x, /_next/image?url=%2Fimg.jpg&w=96&q=75 2x"
          style="color: transparent;"
          width="40"
        />
      </button>
    </div>
    <div
      class="container"
    >
      <button
        type="button"
      >
        <img
          alt="Game Card 2"
          class="cardImg"
          data-nimg="1"
          decoding="async"
          height="40"
          loading="lazy"
          src="/_next/image?url=%2Fimg.jpg&w=96&q=75"
          srcset="/_next/image?url=%2Fimg.jpg&w=48&q=75 1x, /_next/image?url=%2Fimg.jpg&w=96&q=75 2x"
          style="color: transparent;"
          width="40"
        />
      </button>
    </div>
    <div
      class="container isNotActive"
    >
      <button
        type="button"
      >
        <img
          alt="Game Card 3"
          class="cardImg"
          data-nimg="1"
          decoding="async"
          height="40"
          loading="lazy"
          src="/_next/image?url=%2Fimg.jpg&w=96&q=75"
          srcset="/_next/image?url=%2Fimg.jpg&w=48&q=75 1x, /_next/image?url=%2Fimg.jpg&w=96&q=75 2x"
          style="color: transparent;"
          width="40"
        />
      </button>
    </div>
    <div
      class="container isNotActive"
    >
      <button
        type="button"
      >
        <img
          alt="Game Card 4"
          class="cardImg"
          data-nimg="1"
          decoding="async"
          height="40"
          loading="lazy"
          src="/_next/image?url=%2Fimg.jpg&w=96&q=75"
          srcset="/_next/image?url=%2Fimg.jpg&w=48&q=75 1x, /_next/image?url=%2Fimg.jpg&w=96&q=75 2x"
          style="color: transparent;"
          width="40"
        />
      </button>
    </div>
    <div
      class="container isNotActive"
    >
      <button
        type="button"
      >
        <img
          alt="Game Card 5"
          class="cardImg"
          data-nimg="1"
          decoding="async"
          height="40"
          loading="lazy"
          src="/_next/image?url=%2Fimg.jpg&w=96&q=75"
          srcset="/_next/image?url=%2Fimg.jpg&w=48&q=75 1x, /_next/image?url=%2Fimg.jpg&w=96&q=75 2x"
          style="color: transparent;"
          width="40"
        />
      </button>
    </div>
    <div
      class="container isNotActive"
    >
      <button
        type="button"
      >
        <img
          alt="Game Card 6"
          class="cardImg"
          data-nimg="1"
          decoding="async"
          height="40"
          loading="lazy"
          src="/_next/image?url=%2Fimg.jpg&w=96&q=75"
          srcset="/_next/image?url=%2Fimg.jpg&w=48&q=75 1x, /_next/image?url=%2Fimg.jpg&w=96&q=75 2x"
          style="color: transparent;"
          width="40"
        />
      </button>
    </div>
    <div
      class="container isNotActive"
    >
      <button
        type="button"
      >
        <img
          alt="Game Card 7"
          class="cardImg"
          data-nimg="1"
          decoding="async"
          height="40"
          loading="lazy"
          src="/_next/image?url=%2Fimg.jpg&w=96&q=75"
          srcset="/_next/image?url=%2Fimg.jpg&w=48&q=75 1x, /_next/image?url=%2Fimg.jpg&w=96&q=75 2x"
          style="color: transparent;"
          width="40"
        />
      </button>
    </div>
    <div
      class="container isNotActive"
    >
      <button
        type="button"
      >
        <img
          alt="Game Card 8"
          class="cardImg"
          data-nimg="1"
          decoding="async"
          height="40"
          loading="lazy"
          src="/_next/image?url=%2Fimg.jpg&w=96&q=75"
          srcset="/_next/image?url=%2Fimg.jpg&w=48&q=75 1x, /_next/image?url=%2Fimg.jpg&w=96&q=75 2x"
          style="color: transparent;"
          width="40"
        />
      </button>
    </div>
  </div>
</div>
`;
