// Jest Snapshot v1, https://goo.gl/fbAQLP

exports[`owls page renders owls page unchanged 1`] = `
<div>
  <main
    class="container"
  >
    <div
      class="mobileContainer"
    >
      <p>
        Please turn your screen on landscape to access the game.
      </p>
    </div>
    <div
      class="container"
    >
      <div
        class="subContainer"
      >
        <a
          class="menuItem"
          href="/game/rules"
        >
          <img
            alt=""
            class="menuImage"
            data-nimg="1"
            decoding="async"
            height="40"
            loading="lazy"
            src="/_next/image?url=%2Fimg.jpg&w=96&q=75"
            srcset="/_next/image?url=%2Fimg.jpg&w=48&q=75 1x, /_next/image?url=%2Fimg.jpg&w=96&q=75 2x"
            style="color: transparent;"
            width="40"
          />
          <div
            class="linkContainer"
          >
            <h1>
              menuTitles.rules
            </h1>
          </div>
        </a>
        <a
          class="menuItem"
          href="/game/map"
        >
          <img
            alt=""
            class="menuImage"
            data-nimg="1"
            decoding="async"
            height="40"
            loading="lazy"
            src="/_next/image?url=%2Fimg.jpg&w=96&q=75"
            srcset="/_next/image?url=%2Fimg.jpg&w=48&q=75 1x, /_next/image?url=%2Fimg.jpg&w=96&q=75 2x"
            style="color: transparent;"
            width="40"
          />
          <div
            class="linkContainer"
          >
            <h1>
              menuTitles.map
            </h1>
          </div>
        </a>
        <a
          class="menuItem"
          href="/game/cards"
        >
          <img
            alt=""
            class="menuImage"
            data-nimg="1"
            decoding="async"
            height="40"
            loading="lazy"
            src="/_next/image?url=%2Fimg.jpg&w=96&q=75"
            srcset="/_next/image?url=%2Fimg.jpg&w=48&q=75 1x, /_next/image?url=%2Fimg.jpg&w=96&q=75 2x"
            style="color: transparent;"
            width="40"
          />
          <div
            class="linkContainer"
          >
            <h1>
              menuTitles.cards
            </h1>
          </div>
        </a>
        <a
          class="menuItem"
          href="/game/owls"
        >
          <img
            alt=""
            class="menuImage"
            data-nimg="1"
            decoding="async"
            height="40"
            loading="lazy"
            src="/_next/image?url=%2Fimg.jpg&w=96&q=75"
            srcset="/_next/image?url=%2Fimg.jpg&w=48&q=75 1x, /_next/image?url=%2Fimg.jpg&w=96&q=75 2x"
            style="color: transparent;"
            width="40"
          />
          <div
            class="linkContainer"
          >
            <h1>
              menuTitles.owls
            </h1>
          </div>
        </a>
      </div>
    </div>
    <div
      class="subLayoutContainer"
    >
      <div
        class="buttonContainer"
      >
        <h1
          style="color: white;"
        >
          Lost
        </h1>
      </div>
      <div
        class="mainScreenContainer"
      >
        <div
          class="container"
        >
          <div
            class="popinContainer"
          >
            <button
              class="closeButton"
              type="button"
            >
              <img
                alt="Close Popup Button"
                data-nimg="1"
                decoding="async"
                height="30"
                loading="lazy"
                src="/_next/image?url=%2Fimg.jpg&w=64&q=75"
                srcset="/_next/image?url=%2Fimg.jpg&w=32&q=75 1x, /_next/image?url=%2Fimg.jpg&w=64&q=75 2x"
                style="color: transparent;"
                width="30"
              />
            </button>
            <video
              controls=""
            >
              <source
                src="/static/video/teaser_kering_serious_game_2023.mp4"
                type="video/mp4"
              />
            </video>
          </div>
        </div>
        <div
          class="container"
        >
          <div
            class="owlsList"
          >
            <a
              class="normalOwlContainer"
              href="/game/map?regionKey=creativity-coast&experienceKey=the-future-of-recommendation"
            >
              <img
                alt="creativity-coast"
                data-nimg="1"
                decoding="async"
                height="130"
                loading="lazy"
                src="/_next/image?url=%2Fimg.jpg&w=640&q=75"
                srcset="/_next/image?url=%2Fimg.jpg&w=256&q=75 1x, /_next/image?url=%2Fimg.jpg&w=640&q=75 2x"
                style="color: transparent;"
                width="219"
              />
            </a>
            <a
              class="normalOwlContainer"
              href="/game/map?regionKey=loyalty-lagoon&experienceKey=the-future-of-brand-communities"
            >
              <img
                alt="loyalty-lagoon"
                data-nimg="1"
                decoding="async"
                height="130"
                loading="lazy"
                src="/_next/image?url=%2Fimg.jpg&w=640&q=75"
                srcset="/_next/image?url=%2Fimg.jpg&w=256&q=75 1x, /_next/image?url=%2Fimg.jpg&w=640&q=75 2x"
                style="color: transparent;"
                width="219"
              />
            </a>
            <a
              class="normalOwlContainer"
              href="/game/map?regionKey=sea-of-sustainability&experienceKey=the-future-of-digital-carbon-footprint"
            >
              <img
                alt="sea-of-sustainability"
                data-nimg="1"
                decoding="async"
                height="130"
                loading="lazy"
                src="/_next/image?url=%2Fimg.jpg&w=640&q=75"
                srcset="/_next/image?url=%2Fimg.jpg&w=256&q=75 1x, /_next/image?url=%2Fimg.jpg&w=640&q=75 2x"
                style="color: transparent;"
                width="219"
              />
            </a>
            <a
              class="normalOwlContainer"
              href="/game/map?regionKey=virtual-valleys&experienceKey=the-future-of-brand-experience"
            >
              <img
                alt="virtual-valleys"
                data-nimg="1"
                decoding="async"
                height="130"
                loading="lazy"
                src="/_next/image?url=%2Fimg.jpg&w=640&q=75"
                srcset="/_next/image?url=%2Fimg.jpg&w=256&q=75 1x, /_next/image?url=%2Fimg.jpg&w=640&q=75 2x"
                style="color: transparent;"
                width="219"
              />
            </a>
            <a
              class="normalOwlContainer"
              href="/game/map?regionKey=playful-plains&experienceKey=the-future-of-virtual-try-on"
            >
              <img
                alt="playful-plains"
                data-nimg="1"
                decoding="async"
                height="130"
                loading="lazy"
                src="/_next/image?url=%2Fimg.jpg&w=640&q=75"
                srcset="/_next/image?url=%2Fimg.jpg&w=256&q=75 1x, /_next/image?url=%2Fimg.jpg&w=640&q=75 2x"
                style="color: transparent;"
                width="219"
              />
            </a>
          </div>
          <img
            alt="Basic Owl"
            data-nimg="1"
            decoding="async"
            height="40"
            loading="lazy"
            src="/_next/image?url=%2Fimg.jpg&w=96&q=75"
            srcset="/_next/image?url=%2Fimg.jpg&w=48&q=75 1x, /_next/image?url=%2Fimg.jpg&w=96&q=75 2x"
            style="color: transparent;"
            width="40"
          />
        </div>
      </div>
    </div>
    <div
      class="container"
    >
      <div
        class="progressBarContainer"
      >
        <div
          class="progressBar"
        >
          <div
            class="progress"
            style="height: 0%;"
          />
        </div>
      </div>
      <h2
        class="percentage"
      >
        0
        %
      </h2>
    </div>
  </main>
</div>
`;
