// Jest Snapshot v1, https://goo.gl/fbAQLP

exports[`owls page renders owls page unchanged 1`] = `
<div>
  <main
    class="container"
  >
    <div
      class="mobileContainer"
    >
      <p>
        Please turn your screen on landscape to access the game.
      </p>
    </div>
    <div
      class="container"
    >
      <div
        class="subContainer"
      >
        <a
          class="menuItem"
          href="/game/rules"
        >
          <img
            alt=""
            class="menuImage"
            data-nimg="1"
            decoding="async"
            height="40"
            loading="lazy"
            src="/_next/image?url=%2Fimg.jpg&w=96&q=75"
            srcset="/_next/image?url=%2Fimg.jpg&w=48&q=75 1x, /_next/image?url=%2Fimg.jpg&w=96&q=75 2x"
            style="color: transparent;"
            width="40"
          />
          <div
            class="linkContainer"
          >
            <h1>
              menuTitles.rules
            </h1>
          </div>
        </a>
        <a
          class="menuItem"
          href="/game/map"
        >
          <img
            alt=""
            class="menuImage"
            data-nimg="1"
            decoding="async"
            height="40"
            loading="lazy"
            src="/_next/image?url=%2Fimg.jpg&w=96&q=75"
            srcset="/_next/image?url=%2Fimg.jpg&w=48&q=75 1x, /_next/image?url=%2Fimg.jpg&w=96&q=75 2x"
            style="color: transparent;"
            width="40"
          />
          <div
            class="linkContainer"
          >
            <h1>
              menuTitles.map
            </h1>
          </div>
        </a>
        <a
          class="menuItem"
          href="/game/cards"
        >
          <img
            alt=""
            class="menuImage"
            data-nimg="1"
            decoding="async"
            height="40"
            loading="lazy"
            src="/_next/image?url=%2Fimg.jpg&w=96&q=75"
            srcset="/_next/image?url=%2Fimg.jpg&w=48&q=75 1x, /_next/image?url=%2Fimg.jpg&w=96&q=75 2x"
            style="color: transparent;"
            width="40"
          />
          <div
            class="linkContainer"
          >
            <h1>
              menuTitles.cards
            </h1>
          </div>
        </a>
        <a
          class="menuItem"
          href="/game/owls"
        >
          <img
            alt=""
            class="menuImage"
            data-nimg="1"
            decoding="async"
            height="40"
            loading="lazy"
            src="/_next/image?url=%2Fimg.jpg&w=96&q=75"
            srcset="/_next/image?url=%2Fimg.jpg&w=48&q=75 1x, /_next/image?url=%2Fimg.jpg&w=96&q=75 2x"
            style="color: transparent;"
            width="40"
          />
          <div
            class="linkContainer"
          >
            <h1>
              menuTitles.owls
            </h1>
          </div>
        </a>
        <a
          class="menuItem"
          href="/game/leaderboard"
        >
          <img
            alt=""
            class="menuImage"
            data-nimg="1"
            decoding="async"
            height="40"
            loading="lazy"
            src="/_next/image?url=%2Fimg.jpg&w=96&q=75"
            srcset="/_next/image?url=%2Fimg.jpg&w=48&q=75 1x, /_next/image?url=%2Fimg.jpg&w=96&q=75 2x"
            style="color: transparent;"
            width="40"
          />
          <div
            class="linkContainer"
          >
            <h1>
              menuTitles.leaderboard
            </h1>
          </div>
        </a>
      </div>
    </div>
    <div
      class="subLayoutContainer"
    >
      <div
        class="buttonContainer"
      >
        <h1
          style="color: white;"
        >
          Lost
        </h1>
      </div>
      <div
        class="mainScreenContainer"
      >
        <div
          class="container"
        >
          <div
            class="popinContainer"
          >
            <button
              class="closeButton"
              type="button"
            >
              <img
                alt="Close Popup Button"
                data-nimg="1"
                decoding="async"
                height="30"
                loading="lazy"
                src="/_next/image?url=%2Fimg.jpg&w=64&q=75"
                srcset="/_next/image?url=%2Fimg.jpg&w=32&q=75 1x, /_next/image?url=%2Fimg.jpg&w=64&q=75 2x"
                style="color: transparent;"
                width="30"
              />
            </button>
            <video
              controls=""
            >
              <source
                src="/static/video/teaser_kering_serious_game_2023.mp4"
                type="video/mp4"
              />
            </video>
          </div>
        </div>
        <div
          class="container"
        >
          <div
            class="owlsList"
          >
            <img
              alt="craft-canyon"
              data-nimg="1"
              decoding="async"
              height="130"
              loading="lazy"
              src="/_next/image?url=%2Fimg.jpg&w=640&q=75"
              srcset="/_next/image?url=%2Fimg.jpg&w=256&q=75 1x, /_next/image?url=%2Fimg.jpg&w=640&q=75 2x"
              style="color: transparent;"
              width="219"
            />
            <img
              alt="efficiency-valley"
              data-nimg="1"
              decoding="async"
              height="130"
              loading="lazy"
              src="/_next/image?url=%2Fimg.jpg&w=640&q=75"
              srcset="/_next/image?url=%2Fimg.jpg&w=256&q=75 1x, /_next/image?url=%2Fimg.jpg&w=640&q=75 2x"
              style="color: transparent;"
              width="219"
            />
            <img
              alt="leadership-lighthouse"
              data-nimg="1"
              decoding="async"
              height="130"
              loading="lazy"
              src="/_next/image?url=%2Fimg.jpg&w=640&q=75"
              srcset="/_next/image?url=%2Fimg.jpg&w=256&q=75 1x, /_next/image?url=%2Fimg.jpg&w=640&q=75 2x"
              style="color: transparent;"
              width="219"
            />
            <img
              alt="adaptability-dunes"
              data-nimg="1"
              decoding="async"
              height="130"
              loading="lazy"
              src="/_next/image?url=%2Fimg.jpg&w=640&q=75"
              srcset="/_next/image?url=%2Fimg.jpg&w=256&q=75 1x, /_next/image?url=%2Fimg.jpg&w=640&q=75 2x"
              style="color: transparent;"
              width="219"
            />
            <img
              alt="collaboration-horizon"
              data-nimg="1"
              decoding="async"
              height="130"
              loading="lazy"
              src="/_next/image?url=%2Fimg.jpg&w=640&q=75"
              srcset="/_next/image?url=%2Fimg.jpg&w=256&q=75 1x, /_next/image?url=%2Fimg.jpg&w=640&q=75 2x"
              style="color: transparent;"
              width="219"
            />
          </div>
          <div
            class="bigOwl"
          >
            <img
              alt="Basic Owl"
              data-nimg="1"
              decoding="async"
              height="40"
              loading="lazy"
              src="/_next/image?url=%2Fimg.jpg&w=96&q=75"
              srcset="/_next/image?url=%2Fimg.jpg&w=48&q=75 1x, /_next/image?url=%2Fimg.jpg&w=96&q=75 2x"
              style="color: transparent;"
              width="40"
            />
          </div>
          <p
            class="textBox"
          >
            You win a collectible owl once you have completed the four experiences of a region including the bonus (one in each region!).
            <br />
             The Golden Owl will only be caught once you have completed all the experiences, including bonuses.
          </p>
        </div>
      </div>
    </div>
    <div
      class="container"
    >
      <div
        class="progressBarContainer"
      >
        <div
          class="progressBar"
        >
          <div
            class="progress"
            style="height: 0%;"
          />
        </div>
      </div>
      <h2
        class="percentage"
      >
        0
        %
      </h2>
    </div>
  </main>
</div>
`;
