// Jest Snapshot v1, https://goo.gl/fbAQLP

exports[`rules page renders rules page unchanged 1`] = `
<div>
  <main
    class="container"
  >
    <div
      class="mobileContainer"
    >
      <p>
        Please turn your screen on landscape to access the game.
      </p>
    </div>
    <div
      class="container"
    >
      <div
        class="subContainer"
      >
        <a
          class="menuItem"
          href="/game/rules"
        >
          <img
            alt=""
            class="menuImage"
            data-nimg="1"
            decoding="async"
            height="40"
            loading="lazy"
            src="/_next/image?url=%2Fimg.jpg&w=96&q=75"
            srcset="/_next/image?url=%2Fimg.jpg&w=48&q=75 1x, /_next/image?url=%2Fimg.jpg&w=96&q=75 2x"
            style="color: transparent;"
            width="40"
          />
          <div
            class="linkContainer"
          >
            <h1>
              menuTitles.rules
            </h1>
          </div>
        </a>
        <a
          class="menuItem"
          href="/game/map"
        >
          <img
            alt=""
            class="menuImage"
            data-nimg="1"
            decoding="async"
            height="40"
            loading="lazy"
            src="/_next/image?url=%2Fimg.jpg&w=96&q=75"
            srcset="/_next/image?url=%2Fimg.jpg&w=48&q=75 1x, /_next/image?url=%2Fimg.jpg&w=96&q=75 2x"
            style="color: transparent;"
            width="40"
          />
          <div
            class="linkContainer"
          >
            <h1>
              menuTitles.map
            </h1>
          </div>
        </a>
        <a
          class="menuItem"
          href="/game/cards"
        >
          <img
            alt=""
            class="menuImage"
            data-nimg="1"
            decoding="async"
            height="40"
            loading="lazy"
            src="/_next/image?url=%2Fimg.jpg&w=96&q=75"
            srcset="/_next/image?url=%2Fimg.jpg&w=48&q=75 1x, /_next/image?url=%2Fimg.jpg&w=96&q=75 2x"
            style="color: transparent;"
            width="40"
          />
          <div
            class="linkContainer"
          >
            <h1>
              menuTitles.cards
            </h1>
          </div>
        </a>
        <a
          class="menuItem"
          href="/game/owls"
        >
          <img
            alt=""
            class="menuImage"
            data-nimg="1"
            decoding="async"
            height="40"
            loading="lazy"
            src="/_next/image?url=%2Fimg.jpg&w=96&q=75"
            srcset="/_next/image?url=%2Fimg.jpg&w=48&q=75 1x, /_next/image?url=%2Fimg.jpg&w=96&q=75 2x"
            style="color: transparent;"
            width="40"
          />
          <div
            class="linkContainer"
          >
            <h1>
              menuTitles.owls
            </h1>
          </div>
        </a>
      </div>
    </div>
    <div
      class="subLayoutContainer"
    >
      <div
        class="buttonContainer"
      >
        <h1
          style="color: white;"
        >
          Lost
        </h1>
      </div>
      <div
        class="mainScreenContainer"
      >
        <div
          class="container"
        >
          <div
            class="popinContainer"
          >
            <button
              class="closeButton"
              type="button"
            >
              <img
                alt="Close Popup Button"
                data-nimg="1"
                decoding="async"
                height="30"
                loading="lazy"
                src="/_next/image?url=%2Fimg.jpg&w=64&q=75"
                srcset="/_next/image?url=%2Fimg.jpg&w=32&q=75 1x, /_next/image?url=%2Fimg.jpg&w=64&q=75 2x"
                style="color: transparent;"
                width="30"
              />
            </button>
            <video
              controls=""
            >
              <source
                src="/static/video/teaser_kering_serious_game_2023.mp4"
                type="video/mp4"
              />
            </video>
          </div>
        </div>
        <div
          class="container"
        >
          <div
            class="row"
          >
            <div
              class="container centered"
            >
              <div
                class="cornerDecoration topLeftCorner"
              />
              <div
                class="cornerDecoration topRightCorner"
              />
              <div
                class="cornerDecoration bottomRightCorner"
              />
              <div
                class="cornerDecoration bottomLeftCorner"
              />
              <div
                class="content"
              >
                <h1>
                  RULES:CARDS.CARD1.TITLE
                </h1>
                <p>
                  rules:cards.card1.description
                </p>
                <img
                  alt="rules:cards.card1.title"
                  data-nimg="1"
                  decoding="async"
                  height="81"
                  loading="lazy"
                  src="/_next/image?url=%2Fstatic%2Fimage%2Frules%2Frules-map.gif&w=384&q=75"
                  srcset="/_next/image?url=%2Fstatic%2Fimage%2Frules%2Frules-map.gif&w=256&q=75 1x, /_next/image?url=%2Fstatic%2Fimage%2Frules%2Frules-map.gif&w=384&q=75 2x"
                  style="color: transparent; cursor: pointer;"
                  width="150"
                />
              </div>
            </div>
            <img
              alt="Bottom Direction Line"
              class="firstArrow"
              data-nimg="1"
              decoding="async"
              height="40"
              loading="lazy"
              src="/_next/image?url=%2Fimg.jpg&w=96&q=75"
              srcset="/_next/image?url=%2Fimg.jpg&w=48&q=75 1x, /_next/image?url=%2Fimg.jpg&w=96&q=75 2x"
              style="color: transparent;"
              width="40"
            />
            <div
              class="container notCentered bigImage"
            >
              <div
                class="cornerDecoration topLeftCorner"
              />
              <div
                class="cornerDecoration topRightCorner"
              />
              <div
                class="cornerDecoration bottomRightCorner"
              />
              <div
                class="cornerDecoration bottomLeftCorner"
              />
              <div
                class="content"
              >
                <h1>
                  RULES:CARDS.CARD2.TITLE
                </h1>
                <p>
                  rules:cards.card2.description
                </p>
                <img
                  alt="rules:cards.card2.title"
                  data-nimg="1"
                  decoding="async"
                  height="81"
                  loading="lazy"
                  src="/_next/image?url=%2Fstatic%2Fimage%2Frules%2Frules-spinning-card.gif&w=384&q=75"
                  srcset="/_next/image?url=%2Fstatic%2Fimage%2Frules%2Frules-spinning-card.gif&w=256&q=75 1x, /_next/image?url=%2Fstatic%2Fimage%2Frules%2Frules-spinning-card.gif&w=384&q=75 2x"
                  style="color: transparent;"
                  width="150"
                />
              </div>
            </div>
          </div>
          <div
            class="row"
          >
            <div
              class="emptyDescriptiveCard"
            />
            <div
              class="emptyArrowSpace"
            />
            <div
              class="emptyDescriptiveCard"
            >
              <img
                alt="Bottom Direction Line"
                class="secondArrow"
                data-nimg="1"
                decoding="async"
                height="40"
                loading="lazy"
                src="/_next/image?url=%2Fimg.jpg&w=96&q=75"
                srcset="/_next/image?url=%2Fimg.jpg&w=48&q=75 1x, /_next/image?url=%2Fimg.jpg&w=96&q=75 2x"
                style="color: transparent;"
                width="40"
              />
            </div>
          </div>
          <div
            class="row"
          >
            <div
              class="container notCentered"
            >
              <div
                class="cornerDecoration topLeftCorner"
              />
              <div
                class="cornerDecoration topRightCorner"
              />
              <div
                class="cornerDecoration bottomRightCorner"
              />
              <div
                class="cornerDecoration bottomLeftCorner"
              />
              <div
                class="content"
              >
                <h1>
                  RULES:CARDS.CARD4.TITLE
                </h1>
                <p>
                  rules:cards.card4.description
                </p>
                <img
                  alt="rules:cards.card4.title"
                  data-nimg="1"
                  decoding="async"
                  height="81"
                  loading="lazy"
                  src="/_next/image?url=%2Fstatic%2Fimage%2Frules%2Fgold-owl-rules.gif&w=384&q=75"
                  srcset="/_next/image?url=%2Fstatic%2Fimage%2Frules%2Fgold-owl-rules.gif&w=256&q=75 1x, /_next/image?url=%2Fstatic%2Fimage%2Frules%2Fgold-owl-rules.gif&w=384&q=75 2x"
                  style="color: transparent;"
                  width="150"
                />
              </div>
            </div>
            <img
              alt="Bottom Direction Line"
              class="thirdArrow"
              data-nimg="1"
              decoding="async"
              height="40"
              loading="lazy"
              src="/_next/image?url=%2Fimg.jpg&w=96&q=75"
              srcset="/_next/image?url=%2Fimg.jpg&w=48&q=75 1x, /_next/image?url=%2Fimg.jpg&w=96&q=75 2x"
              style="color: transparent;"
              width="40"
            />
            <div
              class="container notCentered"
            >
              <div
                class="cornerDecoration topLeftCorner"
              />
              <div
                class="cornerDecoration topRightCorner"
              />
              <div
                class="cornerDecoration bottomRightCorner"
              />
              <div
                class="cornerDecoration bottomLeftCorner"
              />
              <div
                class="content"
              >
                <h1>
                  RULES:CARDS.CARD3.TITLE
                </h1>
                <p>
                  rules:cards.card3.description
                </p>
                <img
                  alt="rules:cards.card3.title"
                  data-nimg="1"
                  decoding="async"
                  height="81"
                  loading="lazy"
                  src="/_next/image?url=%2Fstatic%2Fimage%2Frules%2Frules-owl.gif&w=384&q=75"
                  srcset="/_next/image?url=%2Fstatic%2Fimage%2Frules%2Frules-owl.gif&w=256&q=75 1x, /_next/image?url=%2Fstatic%2Fimage%2Frules%2Frules-owl.gif&w=384&q=75 2x"
                  style="color: transparent;"
                  width="150"
                />
              </div>
            </div>
          </div>
        </div>
      </div>
    </div>
    <div
      class="container"
    >
      <div
        class="progressBarContainer"
      >
        <div
          class="progressBar"
        >
          <div
            class="progress"
            style="height: 0%;"
          />
        </div>
      </div>
      <h2
        class="percentage"
      >
        0
        %
      </h2>
    </div>
  </main>
</div>
`;
