// Jest Snapshot v1, https://goo.gl/fbAQLP

exports[`rules page renders rules page unchanged 1`] = `
<div>
  <div
    class="container"
  >
    <div
      class="iframeContainer"
    >
      <button
        class="closeButton"
        type="button"
      >
        <img
          alt="Close Popup Button"
          data-nimg="1"
          decoding="async"
          height="30"
          loading="lazy"
          src="/_next/image?url=%2Fimg.jpg&w=64&q=75"
          srcset="/_next/image?url=%2Fimg.jpg&w=32&q=75 1x, /_next/image?url=%2Fimg.jpg&w=64&q=75 2x"
          style="color: transparent;"
          width="30"
        />
      </button>
      <iframe
        allow="accelerometer; clipboard-write; encrypted-media; gyroscope; picture-in-picture; web-share"
        allowfullscreen=""
        height="100%"
        src="https://www.youtube.com/embed/Y82uQpMUCCc"
        title="Sustainability Progress Report 2020-2023 - KERING"
        width="100%"
      />
    </div>
  </div>
  <main
    class="container"
  >
    <div
      class="mobileContainer"
    >
      <p>
        Please turn your screen on landscape to access the game.
      </p>
    </div>
    <div
      class="container"
    >
      <div
        class="subContainer"
      >
        <a
          class="menuItem"
          href="/game/rules"
        >
          <img
            alt=""
            class="menuImage"
            data-nimg="1"
            decoding="async"
            height="40"
            loading="lazy"
            src="/_next/image?url=%2Fimg.jpg&w=96&q=75"
            srcset="/_next/image?url=%2Fimg.jpg&w=48&q=75 1x, /_next/image?url=%2Fimg.jpg&w=96&q=75 2x"
            style="color: transparent;"
            width="40"
          />
          <div
            class="linkContainer"
          >
            <h1>
              menuTitles.rules
            </h1>
          </div>
        </a>
        <a
          class="menuItem"
          href="/game/map"
        >
          <img
            alt=""
            class="menuImage"
            data-nimg="1"
            decoding="async"
            height="40"
            loading="lazy"
            src="/_next/image?url=%2Fimg.jpg&w=96&q=75"
            srcset="/_next/image?url=%2Fimg.jpg&w=48&q=75 1x, /_next/image?url=%2Fimg.jpg&w=96&q=75 2x"
            style="color: transparent;"
            width="40"
          />
          <div
            class="linkContainer"
          >
            <h1>
              menuTitles.map
            </h1>
          </div>
        </a>
        <a
          class="menuItem"
          href="/game/cards"
        >
          <img
            alt=""
            class="menuImage"
            data-nimg="1"
            decoding="async"
            height="40"
            loading="lazy"
            src="/_next/image?url=%2Fimg.jpg&w=96&q=75"
            srcset="/_next/image?url=%2Fimg.jpg&w=48&q=75 1x, /_next/image?url=%2Fimg.jpg&w=96&q=75 2x"
            style="color: transparent;"
            width="40"
          />
          <div
            class="linkContainer"
          >
            <h1>
              menuTitles.cards
            </h1>
          </div>
        </a>
        <a
          class="menuItem"
          href="/game/owls"
        >
          <img
            alt=""
            class="menuImage"
            data-nimg="1"
            decoding="async"
            height="40"
            loading="lazy"
            src="/_next/image?url=%2Fimg.jpg&w=96&q=75"
            srcset="/_next/image?url=%2Fimg.jpg&w=48&q=75 1x, /_next/image?url=%2Fimg.jpg&w=96&q=75 2x"
            style="color: transparent;"
            width="40"
          />
          <div
            class="linkContainer"
          >
            <h1>
              menuTitles.owls
            </h1>
          </div>
        </a>
      </div>
    </div>
    <div
      class="subLayoutContainer"
    >
      <div
        class="buttonContainer"
      >
        <h1>
          Lost
        </h1>
      </div>
      <div
        class="mainScreenFirstBorder"
      />
      <div
        class="mainScreenContainer"
      >
        <div
          class="container"
        >
          <div
            class="container small"
          >
            <div
              class="cornerDecoration topLeftCorner"
            />
            <div
              class="cornerDecoration topRightCorner"
            />
            <div
              class="cornerDecoration bottomRightCorner"
            />
            <div
              class="cornerDecoration bottomLeftCorner"
            />
            <div
              class="content"
            >
              <h1>
                rules:cards.card1.title
              </h1>
              <p>
                rules:cards.card1.description
              </p>
              <img
                alt="rules:cards.card1.title"
                data-nimg="1"
                decoding="async"
                height="40"
                loading="lazy"
                src="/_next/image?url=%2Fimg.jpg&w=96&q=75"
                srcset="/_next/image?url=%2Fimg.jpg&w=48&q=75 1x, /_next/image?url=%2Fimg.jpg&w=96&q=75 2x"
                style="color: transparent;"
                width="40"
              />
            </div>
          </div>
          <div
            class="container small"
          >
            <div
              class="cornerDecoration topLeftCorner"
            />
            <div
              class="cornerDecoration topRightCorner"
            />
            <div
              class="cornerDecoration bottomRightCorner"
            />
            <div
              class="cornerDecoration bottomLeftCorner"
            />
            <div
              class="content"
            >
              <h1>
                rules:cards.card2.title
              </h1>
              <p>
                rules:cards.card2.description
              </p>
              <img
                alt="rules:cards.card2.title"
                data-nimg="1"
                decoding="async"
                height="40"
                loading="lazy"
                src="/_next/image?url=%2Fimg.jpg&w=96&q=75"
                srcset="/_next/image?url=%2Fimg.jpg&w=48&q=75 1x, /_next/image?url=%2Fimg.jpg&w=96&q=75 2x"
                style="color: transparent;"
                width="40"
              />
            </div>
          </div>
          <div
            class="container small"
          >
            <div
              class="cornerDecoration topLeftCorner"
            />
            <div
              class="cornerDecoration topRightCorner"
            />
            <div
              class="cornerDecoration bottomRightCorner"
            />
            <div
              class="cornerDecoration bottomLeftCorner"
            />
            <div
              class="content"
            >
              <h1>
                rules:cards.card3.title
              </h1>
              <p>
                rules:cards.card3.description
              </p>
              <img
                alt="rules:cards.card3.title"
                data-nimg="1"
                decoding="async"
                height="40"
                loading="lazy"
                src="/_next/image?url=%2Fimg.jpg&w=96&q=75"
                srcset="/_next/image?url=%2Fimg.jpg&w=48&q=75 1x, /_next/image?url=%2Fimg.jpg&w=96&q=75 2x"
                style="color: transparent;"
                width="40"
              />
            </div>
          </div>
          <div
            class="container small"
          >
            <div
              class="cornerDecoration topLeftCorner"
            />
            <div
              class="cornerDecoration topRightCorner"
            />
            <div
              class="cornerDecoration bottomRightCorner"
            />
            <div
              class="cornerDecoration bottomLeftCorner"
            />
            <div
              class="content"
            >
              <h1>
                rules:cards.card4.title
              </h1>
              <p>
                rules:cards.card4.description
              </p>
              <img
                alt="rules:cards.card4.title"
                data-nimg="1"
                decoding="async"
                height="40"
                loading="lazy"
                src="/_next/image?url=%2Fimg.jpg&w=96&q=75"
                srcset="/_next/image?url=%2Fimg.jpg&w=48&q=75 1x, /_next/image?url=%2Fimg.jpg&w=96&q=75 2x"
                style="color: transparent;"
                width="40"
              />
            </div>
          </div>
        </div>
      </div>
    </div>
    <div
      class="container"
    >
      <div
        class="progressBarContainer"
      >
        <div
          class="progressBar"
        >
          <div
            class="progress"
            style="height: 20%;"
          />
        </div>
        <h2>
          20
          %
        </h2>
      </div>
    </div>
  </main>
</div>
`;
